// Jest Snapshot v1, https://goo.gl/fbAQLP

exports[`should render <About /> correctly 1`] = `
<section
  className="about"
  id="about"
>
  <h2>
    ABOUT ME
  </h2>
  <div
    className="aboutContainer"
  >
    <div
      className="aboutDetails"
    >
      <div
        className="aboutProfile"
      >
        <img
          alt=""
          className="aboutPhoto"
          src=""
        />
        <h3>
          Akwasi Sefa-Boakye
        </h3>
        <p>
          <strong>
            Frontend Developer
          </strong>
        </p>
        <div
          className="socialContainer"
        >
          <a
            className="socialLink -yahoo"
            href="mailto:akwasisefaboakye@yahoo.com"
            rel="noopener noreferrer"
            target="_blank"
          >
            <FaEnvelope
              size={20}
            />
          </a>
          <a
            className="socialLink -facebook"
            href="https://www.facebook.com/akwasisefaboakye"
            rel="noopener noreferrer"
            target="_blank"
          >
            <IoLogoFacebook
              size={20}
            />
          </a>
          <a
            className="socialLink -twitter"
            href="https://twitter.com/kwasisefaboakye"
            rel="noopener noreferrer"
            target="_blank"
          >
            <IoLogoTwitter
              size={20}
            />
          </a>
          <a
            className="socialLink -linkedin"
            href="https://linkedin.com/in/akwasisefaboakye"
            rel="noopener noreferrer"
            target="_blank"
          >
            <IoLogoLinkedin
              size={20}
            />
          </a>
          <a
            className="socialLink -angellist"
            href="https://angel.co/akwasi-sefa-boakye"
            rel="noopener noreferrer"
            target="_blank"
          >
            <FaAngellist
              size={20}
            />
          </a>
          <a
            className="socialLink -github"
            href="https://github.com/AkwasiSB"
            rel="noopener noreferrer"
            target="_blank"
          >
            <FaGithub
              size={20}
            />
          </a>
        </div>
      </div>
      <div
        className="aboutInfo"
      >
        <p>
          Hi, I’m Akwasi Sefa-Boakye. I’m passionate about what I do, and I love to help people. Nothing is more fulfilling than being part of a team with similar interests, and an organization that values its employees.
        </p>
        <p>
          Frontend Developer and Founder with the passion to drive projects to success
        </p>
      </div>
    </div>
    <div
      className="aboutSkills"
    >
      <h3>
        Skills
      </h3>
      <div
        className="skillsContainer"
      >
        <div
          className="skill"
          key="0"
        >
          C/GTK+
        </div>
        <div
          className="skill"
          key="1"
        >
          HTML & CSS
        </div>
        <div
          className="skill"
          key="2"
        >
          Javascript
        </div>
        <div
          className="skill"
          key="3"
        >
          HTML5 & CSS3
        </div>
        <div
          className="skill"
          key="4"
        >
          Git
        </div>
        <div
          className="skill"
          key="5"
        >
          Bootstrap
        </div>
        <div
          className="skill"
          key="6"
        >
          React.js
        </div>
        <div
          className="skill"
          key="7"
        >
          React-Native
        </div>
        <div
          className="skill"
          key="8"
        >
          Express.js
        </div>
        <div
          className="skill"
          key="9"
        >
          ES6
        </div>
        <div
          className="skill"
          key="10"
        >
          GraphQL/Apollo
        </div>
        <div
          className="skill"
          key="11"
        >
          Redux
        </div>
        <div
          className="skill"
          key="12"
        >
          Webpack
        </div>
        <div
          className="skill"
          key="13"
        >
          Babel
        </div>
        <div
          className="skill"
          key="14"
        >
          Yarn
        </div>
        <div
          className="skill"
          key="15"
        >
          npm
        </div>
        <div
          className="skill"
          key="16"
        >
          SCSS/SASS
        </div>
        <div
          className="skill"
          key="17"
        >
          ESLint
        </div>
        <div
          className="skill"
          key="18"
        >
          Jest
        </div>
        <div
          className="skill"
          key="19"
        >
          TypeScript
        </div>
        <div
          className="skill"
          key="20"
        >
          Enzyme
        </div>
        <div
          className="skill"
          key="21"
        >
          TDD
        </div>
        <div
          className="skill"
          key="22"
        >
          BEM
        </div>
        <div
          className="skill"
          key="23"
        >
           Node.js
        </div>
        <div
          className="skill"
          key="24"
        >
          WebRTC
        </div>
        <div
          className="skill"
          key="25"
        >
          SQL/MySQL
        </div>
        <div
          className="skill"
          key="26"
        >
          SQLite
        </div>
        <div
          className="skill"
          key="27"
        >
          JSON/XML
        </div>
        <div
          className="skill"
          key="28"
        >
          jQuery
        </div>
        <div
          className="skill"
          key="29"
        >
          Cordova
        </div>
        <div
          className="skill"
          key="30"
        >
          SinonJS
        </div>
        <div
          className="skill"
          key="31"
        >
          AJAX
        </div>
      </div>
    </div>
  </div>
</section>
`;
